Traceback (most recent call last):
  File "/home/Student/s4975045/comp3710/PatternAnalysis-2025/recognition/prostate3d_unet3d_jsharma/train.py", line 246, in <module>
    main()
  File "/home/Student/s4975045/comp3710/PatternAnalysis-2025/recognition/prostate3d_unet3d_jsharma/train.py", line 225, in main
    tr_loss, tr_dice = train_one_epoch(model, train_loader, optimizer, criterion, device)
  File "/home/Student/s4975045/comp3710/PatternAnalysis-2025/recognition/prostate3d_unet3d_jsharma/train.py", line 73, in train_one_epoch
    for imgs, lbls in loader:
  File "/home/Student/s4975045/miniconda/envs/pa2025/lib/python3.10/site-packages/torch/utils/data/dataloader.py", line 733, in __next__
    data = self._next_data()
  File "/home/Student/s4975045/miniconda/envs/pa2025/lib/python3.10/site-packages/torch/utils/data/dataloader.py", line 1515, in _next_data
    return self._process_data(data, worker_id)
  File "/home/Student/s4975045/miniconda/envs/pa2025/lib/python3.10/site-packages/torch/utils/data/dataloader.py", line 1550, in _process_data
    data.reraise()
  File "/home/Student/s4975045/miniconda/envs/pa2025/lib/python3.10/site-packages/torch/_utils.py", line 750, in reraise
    raise exception
FileNotFoundError: Caught FileNotFoundError in DataLoader worker process 0.
Original Traceback (most recent call last):
  File "/home/Student/s4975045/miniconda/envs/pa2025/lib/python3.10/site-packages/nibabel/loadsave.py", line 101, in load
    stat_result = os.stat(filename)
FileNotFoundError: [Errno 2] No such file or directory: '/home/groups/comp3710/HipMRI_Study_open/semantic_labels_only/S033_Week6_LFOV.nii.gz'

During handling of the above exception, another exception occurred:

Traceback (most recent call last):
  File "/home/Student/s4975045/miniconda/envs/pa2025/lib/python3.10/site-packages/torch/utils/data/_utils/worker.py", line 349, in _worker_loop
    data = fetcher.fetch(index)  # type: ignore[possibly-undefined]
  File "/home/Student/s4975045/miniconda/envs/pa2025/lib/python3.10/site-packages/torch/utils/data/_utils/fetch.py", line 50, in fetch
    data = self.dataset.__getitems__(possibly_batched_index)
  File "/home/Student/s4975045/miniconda/envs/pa2025/lib/python3.10/site-packages/torch/utils/data/dataset.py", line 416, in __getitems__
    return [self.dataset[self.indices[idx]] for idx in indices]
  File "/home/Student/s4975045/miniconda/envs/pa2025/lib/python3.10/site-packages/torch/utils/data/dataset.py", line 416, in <listcomp>
    return [self.dataset[self.indices[idx]] for idx in indices]
  File "/home/Student/s4975045/comp3710/PatternAnalysis-2025/recognition/prostate3d_unet3d_jsharma/dataset.py", line 197, in __getitem__
    lbl_int = load_nifti(lbl_path)        # (D,H,W) int (0..C-1)
  File "/home/Student/s4975045/comp3710/PatternAnalysis-2025/recognition/prostate3d_unet3d_jsharma/dataset.py", line 50, in load_nifti
    vol = nib.load(path).get_fdata(caching="unchanged")
  File "/home/Student/s4975045/miniconda/envs/pa2025/lib/python3.10/site-packages/nibabel/loadsave.py", line 103, in load
    raise FileNotFoundError(f"No such file or no access: '{filename}'")
FileNotFoundError: No such file or no access: '/home/groups/comp3710/HipMRI_Study_open/semantic_labels_only/S033_Week6_LFOV.nii.gz'

